// Jest Snapshot v1, https://goo.gl/fbAQLP

exports[`Home snapshot 1`] = `
<DocumentFragment>
  <div
    class="sc-bdfBwQ fijioT"
  >
    <nav
      class="Navbar navbar-dark navbar navbar-expand-md navbar-light"
    >
      <span
        class="navbar-text"
      >
        <a
          class="navbar-brand brand-style"
          href="/shop"
        >
          Widget Store
        </a>
      </span>
      <button
        aria-controls="basic-navbar-nav"
        aria-label="Toggle navigation"
        class="navbar-toggler collapsed"
        type="button"
      >
        <span
          class="navbar-toggler-icon"
        />
      </button>
      <div
        class="pr-4 navbar-collapse collapse"
      >
        <div
          class="mr-auto navbar-nav"
        >
          <span
            class="navbar-text"
          >
            <a
              href="/new"
            >
              New Products
            </a>
          </span>
          <span
            class="navbar-text"
          >
            <a
              href="/deals"
            >
              Deals
            </a>
          </span>
          <div
            class="nav-item dropdown"
          >
            <a
              aria-expanded="false"
              aria-haspopup="true"
              class="dropdown-toggle nav-link"
              href="#"
              role="button"
            >
              More
            </a>
          </div>
        </div>
        <a
          href="//login"
        >
          Login
        </a>
        <span
          class="navitem navbar-text"
        >
          <span
            class="CartIconBadge position-relative undefined"
          >
            <svg
              aria-hidden="true"
              class="svg-inline--fa fa-shopping-cart fa-w-18 fa-2x "
              data-icon="shopping-cart"
              data-prefix="fas"
              focusable="false"
              role="img"
              viewBox="0 0 576 512"
              xmlns="http://www.w3.org/2000/svg"
            >
              <path
                d="M528.12 301.319l47.273-208C578.806 78.301 567.391 64 551.99 64H159.208l-9.166-44.81C147.758 8.021 137.93 0 126.529 0H24C10.745 0 0 10.745 0 24v16c0 13.255 10.745 24 24 24h69.883l70.248 343.435C147.325 417.1 136 435.222 136 456c0 30.928 25.072 56 56 56s56-25.072 56-56c0-15.674-6.447-29.835-16.824-40h209.647C430.447 426.165 424 440.326 424 456c0 30.928 25.072 56 56 56s56-25.072 56-56c0-22.172-12.888-41.332-31.579-50.405l5.517-24.276c3.413-15.018-8.002-29.319-23.403-29.319H218.117l-6.545-32h293.145c11.206 0 20.92-7.754 23.403-18.681z"
                fill="currentColor"
              />
            </svg>
          </span>
        </span>
      </div>
    </nav>
  </div>
  <div
    style="opacity: 0.0128;"
  >
    <div
      class="my-4 py-4 Home dark-gradient1 rounded px-2 px-xl-5 container-xl"
    >
      <h1
        class="brand-style"
      >
        Widget Store 
      </h1>
      <h2
        class="lead font-italic mb-4 Home-byline"
      >
        We have what you need!
      </h2>
      <div
        class="justify-content-center pb-2 card-deck"
      >
        <div
          class="mx-auto d-inline-block"
        >
          <a
            class="darkLink"
            href="//product/1"
          >
            <div
              class="ProductCard mb-3 card"
            >
              <div
                class="img-wrapper"
              >
                <img
                  alt="Samsung XG-900 55 inch LCD TV"
                  class="card-img"
                  src="https://www.lg.com/sg/images/tvs/md05271244/gallery/LG-43LH600T-L.jpg"
                />
              </div>
              <div
                class="card-body"
              >
                <div
                  class="card-title h5"
                  tag="h5"
                >
                  Samsung XG-900 55 inch LCD TV
                </div>
                <div
                  class="mb-2 text-muted card-subtitle h6"
                  tag="h6"
                >
                  <em>
                    Latest generation smart televison 2021
                  </em>
                </div>
                <p
                  class="card-text"
                >
                  <span
                    class="sc-dlfnbm kJMwKE"
                  >
                    <span
                      class="sc-hKgILt gCMyNV price"
                    >
                      $400.40
                    </span>
                  </span>
                </p>
              </div>
            </div>
          </a>
        </div>
      </div>
    </div>
  </div>
</DocumentFragment>
`;
