// Jest Snapshot v1, https://goo.gl/fbAQLP

exports[`ProductDetail snapshot 1`] = `<DocumentFragment />`;
