// Jest Snapshot v1, https://goo.gl/fbAQLP

exports[`LoginSignup snapshot 1`] = `
<DocumentFragment>
  <div
    class="container"
  >
    <div
      class="row"
    >
      <div
        class="rounded col-md col-sm-12 offset-md-3"
      >
        <div />
      </div>
    </div>
  </div>
</DocumentFragment>
`;
